1
50
16
17
13
20
10
16
19
15
20
20
11
17
13
15
17
18
12
10
16
13
13
16
12
10
11
20
20
10
17
18
15
13
10
13
10
14
19
19
13
17
20
16
19
10
16
13
19
18
10
17
