1
40
9
9
8
10
7
9
10
9
10
10
7
9
8
9
9
10
8
7
9
8
8
9
7
7
7
10
10
7
9
10
8
8
7
8
7
8
10
10
8
9
