1
35
11
12
8
15
5
11
14
10
15
15
6
12
8
10
12
13
7
5
11
8
8
11
7
5
6
15
15
5
12
13
10
8
5
8
5
