1
20
16
17
13
20
10
16
19
15
20
20
11
17
13
15
17
18
12
10
16
13
