1
250
61
76
41
93
10
64
89
56
97
98
25
70
38
58
73
81
33
16
62
40
40
63
31
12
25
94
97
11
69
80
53
40
16
41
11
47
86
92
35
69
93
61
87
10
60
36
90
76
10
73
33
51
40
30
95
89
53
75
99
90
79
40
73
71
25
65
55
16
68
79
70
85
87
23
58
10
37
54
39
18
47
73
61
66
73
78
62
52
39
80
100
78
63
98
46
26
47
50
23
86
67
62
42
46
23
82
18
54
23
59
86
77
66
21
86
21
20
79
83
50
33
28
16
90
41
40
54
86
86
94
44
82
51
38
35
55
27
22
39
51
74
59
28
90
52
76
40
41
99
96
80
64
21
26
15
41
55
79
60
56
49
87
48
42
16
79
22
28
97
51
25
30
48
45
51
22
12
76
60
63
74
86
53
79
50
100
71
93
11
94
48
89
28
81
96
90
91
42
99
43
27
16
29
84
12
71
51
71
30
71
83
37
67
58
93
37
83
82
18
85
15
59
43
17
66
28
27
24
47
37
51
36
90
32
50
41
35
43
25
62
65
86
66
80
55
30
99
40
15
99
